
> vite_react_shadcn_ts@0.0.0 build
> vite build

[36mvite v5.4.19 [32mbuilding for production...[36m[39m
transforming...
node.exe : 
Browserslist: 
browsers data 
(caniuse-lite) is 
7 months old. 
Please run:
At line:1 char:1
+ & "C:\Program Fil
es\nodejs/node.exe"
 "C:\Program Files\
nodejs/node_mo ...
+ ~~~~~~~~~~~~~~~~~
~~~~~~~~~~~~~~~~~~~
~~~~~~~~~~~~~~~~~~~
~~~~~~~~~~~~~~
    + CategoryInfo 
             : No  
  tSpecified: (B   
 rowserslist: b    
...ld. Please     
run::String) [    
], RemoteExcep    
tion
    + FullyQualifi 
   edErrorId : Na  
  tiveCommandErr   
 or
 
  npx update-browse
rslist-db@latest
  Why you should 
do it regularly: ht
tps://github.com/br
owserslist/update-d
b#readme
[32mΓ£ô[39m 1916 modules transformed.
[31mx[39m Build 
failed in 10.24s
[31merror during 
build:
[31msrc/pages/Lear
ningTracks.tsx 
(11:46): 
"WorkspacePremium" 
is not exported by 
"node_modules/lucid
e-react/dist/esm/lu
cide-react.js", 
imported by "src/pa
ges/LearningTracks.
tsx".[31m
file: [36mD:/DSAre
na/DSArena/src/page
s/LearningTracks.ts
x:11:46[31m
[33m
 9: import { 
languageTracks, get
AvailableTracks, ge
tComingSoonTracks, 
LanguageTrack } 
from '@/lib/languag
eTracksData';
10: import { 
LivesDisplay } 
from '@/components/
lives/LivesDisplay'
;
11: import { Lock, 
ArrowRight, Code2, 
TrendingUp, 
WorkspacePremium, 
Public, Rocket, 
Sparkles, Terminal 
} from 
'lucide-rea...
                   
                   
            ^
12: import { toast 
} from 'sonner';
[31m
    at 
getRollupError (fil
e:///D:/DSArena/DSA
rena/node_modules/r
ollup/dist/es/share
d/parseAst.js:395:4
1)
    at error (file:
///D:/DSArena/DSAre
na/node_modules/rol
lup/dist/es/shared/
parseAst.js:391:42)
    at 
Module.error (file:
///D:/DSArena/DSAre
na/node_modules/rol
lup/dist/es/shared/
node-entry.js:15535
:16)
    at Module.trace
Variable (file:///D
:/DSArena/DSArena/n
ode_modules/rollup/
dist/es/shared/node
-entry.js:15984:29)
    at ModuleScope.
findVariable (file:
///D:/DSArena/DSAre
na/node_modules/rol
lup/dist/es/shared/
node-entry.js:13770
:39)
    at FunctionScop
e.findVariable (fil
e:///D:/DSArena/DSA
rena/node_modules/r
ollup/dist/es/share
d/node-entry.js:525
2:38)
    at FunctionBody
Scope.findVariable 
(file:///D:/DSArena
/DSArena/node_modul
es/rollup/dist/es/s
hared/node-entry.js
:5252:38)
    at 
Identifier.bind (fi
le:///D:/DSArena/DS
Arena/node_modules/
rollup/dist/es/shar
ed/node-entry.js:50
35:40)
    at CallExpressi
on.bind (file:///D:
/DSArena/DSArena/no
de_modules/rollup/d
ist/es/shared/node-
entry.js:2851:28)
    at CallExpressi
on.bind (file:///D:
/DSArena/DSArena/no
de_modules/rollup/d
ist/es/shared/node-
entry.js:11235:15)
[39m
